kubernetes-api
--------------
√ can initialize the client
√ can query the Kubernetes API

kubernetes-version
------------------
√ is running the minimum Kubernetes API version
√ is running the minimum kubectl version

pre-kubernetes-setup
--------------------
√ control plane namespace does not already exist
√ can create non-namespaced resources
√ can create ServiceAccounts
√ can create Services
√ can create Deployments
√ can create CronJobs
√ can create ConfigMaps
√ can create Secrets
√ can read Secrets
√ no clock skew detected

linkerd-cni-plugin
------------------
√ cni plugin ConfigMap exists
√ cni plugin PodSecurityPolicy exists
√ cni plugin ClusterRole exists
√ cni plugin ClusterRoleBinding exists
√ cni plugin Role exists
√ cni plugin RoleBinding exists
√ cni plugin ServiceAccount exists
√ cni plugin DaemonSet exists
√ cni plugin pod is running on all nodes

linkerd-version
---------------
√ can determine the latest version
√ cli is up-to-date

Status check results are √
